// Jest Snapshot v1, https://goo.gl/fbAQLP

exports[`handleBitbucketWebhook Should send message on PR comment deletion 1`] = `
{
  "archivedChannels": [],
  "createdChannels": [],
  "invitesToChannels": [],
  "kicksFromChannels": [],
  "lookedUpUsers": [],
  "searchedChannels": [],
  "searchedCommentSnapshots": [],
  "sentMessages": [
    {
      "blocks": [
        {
          "text": {
            "text": "Test Reviewer 1 deleted comment:",
            "type": "mrkdwn",
          },
          "type": "section",
        },
        {
          "text": {
            "text": "> Test comment",
            "type": "mrkdwn",
          },
          "type": "section",
        },
      ],
      "channel": "pr-test-proj-test-repository-1",
      "iconEmoji": ":bitbucket:",
      "metadata": {
        "eventPayload": {
          "commentId": "1",
          "commentParentId": undefined,
          "severity": "NORMAL",
          "taskResolvedDate": undefined,
          "threadResolvedDate": undefined,
        },
        "eventType": "bitbucket_comment_snapshot_saved",
      },
      "text": "Test Reviewer 1 deleted comment:",
    },
  ],
  "setChannelTopics": [],
}
`;
