// Jest Snapshot v1, https://goo.gl/fbAQLP

exports[`handleBitbucketWebhook Should send message on PR commit 1`] = `
{
  "archivedChannels": [],
  "createdChannels": [],
  "invitesToChannels": [],
  "kicksFromChannels": [],
  "lookedUpUsers": [],
  "searchedChannels": [],
  "searchedCommentSnapshots": [],
  "sentMessages": [
    {
      "blocks": [
        {
          "text": {
            "text": "A <https://git.test.com/projects/TEST-PROJ/repos/test-repository/pull-requests/1/commits/from-ref-commit-hash|new commit> was added to the pull request by Test Author.",
            "type": "mrkdwn",
          },
          "type": "section",
        },
        {
          "text": {
            "text": "> Test comment for TEST-PROJ, test-repository, from-ref-commit-hash",
            "type": "mrkdwn",
          },
          "type": "section",
        },
        {
          "text": {
            "text": "Please <https://git.test.com/projects/TEST-PROJ/repos/test-repository/pull-requests/1/overview|review the PR>.",
            "type": "mrkdwn",
          },
          "type": "section",
        },
      ],
      "channel": "pr-test-proj-test-repository-1",
      "icon_emoji": ":bitbucket:",
      "text": "A <https://git.test.com/projects/TEST-PROJ/repos/test-repository/pull-requests/1/commits/from-ref-commit-hash|new commit> was added to the pull request by Test Author.",
    },
  ],
  "setChannelTopics": [],
}
`;
