// Jest Snapshot v1, https://goo.gl/fbAQLP

exports[`handleBitbucketWebhook Should send message on PR approval/unapproval/needs work 1`] = `
{
  "archivedChannels": [],
  "createdChannels": [],
  "invitesToChannels": [],
  "kicksFromChannels": [],
  "lookedUpUsers": [],
  "searchedChannels": [
    {
      "channelName": "pr-test-proj-test-repository-1",
      "excludeArchived": true,
    },
    {
      "channelName": "pr-test-proj-test-repository-1",
      "excludeArchived": true,
    },
    {
      "channelName": "pr-test-proj-test-repository-1",
      "excludeArchived": true,
    },
  ],
  "searchedCommentSnapshots": [],
  "sentMessages": [
    {
      "blocks": [
        {
          "text": {
            "text": "Test Reviewer 1 requested changes for <https://git.test.com/projects/TEST-PROJ/repos/test-repository/pull-requests/1/overview|pull request>.",
            "type": "mrkdwn",
          },
          "type": "section",
        },
        {
          "text": {
            "text": ":large_yellow_circle:  Unapproved: Test Reviewer 1",
            "type": "mrkdwn",
          },
          "type": "section",
        },
      ],
      "channelId": "12345",
      "iconEmoji": ":bitbucket:",
      "text": "Test Reviewer 1 requested changes for <https://git.test.com/projects/TEST-PROJ/repos/test-repository/pull-requests/1/overview|pull request>.",
    },
    {
      "blocks": [
        {
          "text": {
            "text": "Test Reviewer 1 unapproved <https://git.test.com/projects/TEST-PROJ/repos/test-repository/pull-requests/1/overview|pull request>.",
            "type": "mrkdwn",
          },
          "type": "section",
        },
        {
          "text": {
            "text": ":large_yellow_circle:  Unapproved: Test Reviewer 1",
            "type": "mrkdwn",
          },
          "type": "section",
        },
      ],
      "channelId": "12345",
      "iconEmoji": ":bitbucket:",
      "text": "Test Reviewer 1 unapproved <https://git.test.com/projects/TEST-PROJ/repos/test-repository/pull-requests/1/overview|pull request>.",
    },
    {
      "blocks": [
        {
          "text": {
            "text": "Test Reviewer 1 approved <https://git.test.com/projects/TEST-PROJ/repos/test-repository/pull-requests/1/overview|pull request>.",
            "type": "mrkdwn",
          },
          "type": "section",
        },
        {
          "text": {
            "text": ":large_yellow_circle:  Unapproved: Test Reviewer 1",
            "type": "mrkdwn",
          },
          "type": "section",
        },
      ],
      "channelId": "12345",
      "iconEmoji": ":bitbucket:",
      "text": "Test Reviewer 1 approved <https://git.test.com/projects/TEST-PROJ/repos/test-repository/pull-requests/1/overview|pull request>.",
    },
  ],
  "setChannelTopics": [],
}
`;
