// Jest Snapshot v1, https://goo.gl/fbAQLP

exports[`handleBitbucketWebhook Should send message on PR comment 1`] = `
{
  "archivedChannels": [],
  "createdChannels": [],
  "invitesToChannels": [],
  "kicksFromChannels": [],
  "lookedUpUsers": [],
  "searchedChannels": [
    {
      "channelName": "pr-test-proj-test-repository-1",
      "excludeArchived": true,
    },
  ],
  "searchedCommentSnapshots": [],
  "sentMessages": [
    {
      "blocks": [
        {
          "text": {
            "text": "Test Reviewer 1 <https://git.test.com/projects/TEST-PROJ/repos/test-repository/pull-requests/1/overview?commentId=1|added comment>:",
            "type": "mrkdwn",
          },
          "type": "section",
        },
        {
          "text": {
            "text": "> Test comment",
            "type": "mrkdwn",
          },
          "type": "section",
        },
      ],
      "channelId": "12345",
      "iconEmoji": ":bitbucket:",
      "metadata": {
        "eventPayload": {
          "commentId": "1",
          "commentParentId": undefined,
          "severity": "NORMAL",
          "taskResolvedDate": undefined,
          "threadResolvedDate": undefined,
        },
        "eventType": "bitbucket_comment_snapshot_saved",
      },
      "text": "Test Reviewer 1 <https://git.test.com/projects/TEST-PROJ/repos/test-repository/pull-requests/1/overview?commentId=1|added comment>:",
    },
  ],
  "setChannelTopics": [],
}
`;
