// Jest Snapshot v1, https://goo.gl/fbAQLP

exports[`handleBitbucketWebhook Should send completion message and close the channel on PR deletion 1`] = `
{
  "addedBookmarks": [],
  "archivedChannels": [
    {
      "channel": "12345",
    },
  ],
  "createdChannels": [],
  "invitesToChannels": [],
  "kicksFromChannels": [],
  "lookedUpUsers": [],
  "searchedChannels": [
    {
      "channelName": "pr-test-proj-test-repository-1",
      "excludeArchived": true,
    },
  ],
  "searchedCommentSnapshots": [],
  "sentMessages": [
    {
      "channelId": "12345",
      "iconEmoji": ":bitbucket:",
      "text": ":no_entry_sign: The pull request was deleted by Test Author.",
    },
  ],
}
`;
