// Jest Snapshot v1, https://goo.gl/fbAQLP

exports[`handleBitbucketWebhook Should send message on PR comment deletion 1`] = `
{
  "addedBookmarks": [],
  "addedReactions": [],
  "closeChannelCalls": [],
  "invitesToChannels": [],
  "kicksFromChannels": [],
  "lookedUpUsers": [],
  "searchedCommentSnapshots": [
    {
      "bitbucketCommentId": 1,
      "channelId": "12345",
    },
  ],
  "searchedPrOpenedBroadcastMessages": [],
  "sentMessages": [
    {
      "blocks": [
        {
          "text": {
            "text": ":broom: Test Reviewer 1 deleted comment:",
            "type": "mrkdwn",
          },
          "type": "section",
        },
        {
          "text": {
            "text": "> Test comment",
            "type": "mrkdwn",
          },
          "type": "section",
        },
      ],
      "metadata": {
        "eventPayload": {
          "commentId": "1",
          "commentParentId": undefined,
          "severity": "NORMAL",
          "taskResolvedDate": undefined,
          "threadResolvedDate": undefined,
        },
        "eventType": "bitbucket_comment_snapshot_saved",
      },
      "replyBroadcast": undefined,
      "text": ":broom: Test Reviewer 1 deleted comment:",
      "threadId": undefined,
    },
  ],
}
`;
