// Jest Snapshot v1, https://goo.gl/fbAQLP

exports[`handleBitbucketWebhook Should send message on PR commit 1`] = `
{
  "addedBookmarks": [
    {
      "channelId": "12345",
      "emoji": ":git:",
      "link": "https://git.test.com/projects/TEST-PROJ/repos/test-repository/pull-requests/1/overview",
      "title": "Review Pull Request",
    },
  ],
  "addedReactions": [],
  "archivedChannels": [],
  "createdChannels": [
    {
      "id": "12345",
      "isArchived": false,
      "name": "pr-test-proj-test-repository-1",
    },
  ],
  "invitesToChannels": [
    {
      "channelId": "12345",
      "force": true,
      "users": [
        "test.author@test.com",
        "test.reviewer1@test.com",
        "test.reviewer2@test.com",
      ],
    },
  ],
  "kicksFromChannels": [],
  "lookedUpUsers": [
    [
      "test.author@test.com",
      "test.reviewer1@test.com",
      "test.reviewer2@test.com",
    ],
  ],
  "searchedChannels": [
    {
      "channelName": "pr-test-proj-test-repository-1",
      "findPrivateChannels": true,
    },
  ],
  "searchedCommentSnapshots": [],
  "searchedPrOpenedBroadcastMessages": [],
  "sentMessages": [
    {
      "blocks": [
        {
          "text": {
            "text": "Test Author opened <https://git.test.com/projects/TEST-PROJ/repos/test-repository/pull-requests/1/overview|pull request>",
            "type": "mrkdwn",
          },
          "type": "section",
        },
        {
          "type": "divider",
        },
        {
          "elements": [
            {
              "text": "Test pull request description",
              "type": "mrkdwn",
            },
          ],
          "type": "context",
        },
        {
          "type": "divider",
        },
        {
          "text": {
            "text": "Please <https://git.test.com/projects/TEST-PROJ/repos/test-repository/pull-requests/1/overview|review the PR>",
            "type": "mrkdwn",
          },
          "type": "section",
        },
      ],
      "channelId": "12345",
      "iconEmoji": ":bitbucket:",
      "text": "Test Author opened <https://git.test.com/projects/TEST-PROJ/repos/test-repository/pull-requests/1/overview|pull request>",
    },
    {
      "blocks": [
        {
          "text": {
            "text": ":new: Test Author added <https://git.test.com/projects/TEST-PROJ/repos/test-repository/pull-requests/1/commits/from-ref-commit-hash|new commit>.",
            "type": "mrkdwn",
          },
          "type": "section",
        },
        {
          "text": {
            "text": "Commit message: 
> Test comment for TEST-PROJ, test-repository, from-ref-commit-hash",
            "type": "mrkdwn",
          },
          "type": "section",
        },
        {
          "text": {
            "text": "Please <https://git.test.com/projects/TEST-PROJ/repos/test-repository/pull-requests/1/overview|review the PR>",
            "type": "mrkdwn",
          },
          "type": "section",
        },
      ],
      "channelId": "12345",
      "iconEmoji": ":bitbucket:",
      "text": ":new: Test Author added <https://git.test.com/projects/TEST-PROJ/repos/test-repository/pull-requests/1/commits/from-ref-commit-hash|new commit>.",
    },
  ],
}
`;
