// Jest Snapshot v1, https://goo.gl/fbAQLP

exports[`handleBitbucketWebhook Should replay channel creation if channel doesn't exist and handle initial payload after that 1`] = `
{
  "addedBookmarks": [
    {
      "channelId": "12345",
      "emoji": ":git:",
      "link": "https://git.test.com/projects/TEST-PROJ/repos/test-repository/pull-requests/1/overview",
      "title": "Review Pull Request",
    },
  ],
  "addedReactions": [],
  "archivedChannels": [],
  "createdChannels": [
    {
      "id": "12345",
      "isArchived": false,
      "name": "pr-test-proj-test-repository-1",
    },
  ],
  "invitesToChannels": [
    {
      "channelId": "12345",
      "force": true,
      "users": [
        "test.author@test.com",
        "test.reviewer1@test.com",
        "test.reviewer2@test.com",
      ],
    },
    {
      "channelId": "12345",
      "force": true,
      "users": [
        "test.reviewer3@test.com",
      ],
    },
  ],
  "kicksFromChannels": [
    {
      "channelId": "12345",
      "users": [
        "test.reviewer1@test.com",
      ],
    },
  ],
  "lookedUpUsers": [
    [
      {
        "displayName": "Test Author",
        "emailAddress": "test.author@test.com",
        "name": "TestAuthor",
      },
      {
        "displayName": "Test Reviewer 1",
        "emailAddress": "test.reviewer1@test.com",
        "name": "TestReviewer1",
      },
      {
        "displayName": "Test Reviewer 2",
        "emailAddress": "test.reviewer2@test.com",
        "name": "TestReviewer2",
      },
    ],
    [
      {
        "displayName": "Test Reviewer 3",
        "emailAddress": "test.reviewer3@test.com",
        "name": "TestReviewer3",
      },
    ],
    [
      {
        "displayName": "Test Reviewer 1",
        "emailAddress": "test.reviewer1@test.com",
        "name": "TestReviewer1",
      },
    ],
  ],
  "searchedChannels": [
    {
      "channelName": "pr-test-proj-test-repository-1",
      "findPrivateChannels": true,
    },
    {
      "channelName": "pr-test-proj-test-repository-1",
      "findPrivateChannels": true,
    },
  ],
  "searchedCommentSnapshots": [],
  "searchedPrOpenedBroadcastMessages": [],
  "sentMessages": [
    {
      "blocks": [
        {
          "text": {
            "text": "Test Author opened <https://git.test.com/projects/TEST-PROJ/repos/test-repository/pull-requests/1/overview|pull request>",
            "type": "mrkdwn",
          },
          "type": "section",
        },
        {
          "type": "divider",
        },
        {
          "elements": [
            {
              "text": "Test pull request description",
              "type": "mrkdwn",
            },
          ],
          "type": "context",
        },
        {
          "type": "divider",
        },
        {
          "text": {
            "text": "Please <https://git.test.com/projects/TEST-PROJ/repos/test-repository/pull-requests/1/overview|review the PR>",
            "type": "mrkdwn",
          },
          "type": "section",
        },
      ],
      "channelId": "12345",
      "iconEmoji": ":bitbucket:",
      "text": "Test Author opened <https://git.test.com/projects/TEST-PROJ/repos/test-repository/pull-requests/1/overview|pull request>",
    },
  ],
}
`;
