// Jest Snapshot v1, https://goo.gl/fbAQLP

exports[`handleBitbucketWebhook Should send message on PR approval/unapproval/needs work 1`] = `
{
  "addedBookmarks": [
    {
      "channelId": "12345",
      "emoji": ":git:",
      "link": "https://git.test.com/projects/TEST-PROJ/repos/test-repository/pull-requests/1/overview",
      "title": "Review Pull Request",
    },
  ],
  "addedReactions": [],
  "archivedChannels": [],
  "createdChannels": [
    {
      "id": "12345",
      "isArchived": false,
      "name": "pr-test-proj-test-repository-1",
    },
  ],
  "invitesToChannels": [
    {
      "channelId": "12345",
      "force": true,
      "users": [
        "test.author@test.com",
        "test.reviewer1@test.com",
        "test.reviewer2@test.com",
      ],
    },
  ],
  "kicksFromChannels": [],
  "lookedUpUsers": [
    [
      "test.author@test.com",
      "test.reviewer1@test.com",
      "test.reviewer2@test.com",
    ],
  ],
  "searchedChannels": [
    {
      "channelName": "pr-test-proj-test-repository-1",
      "findPrivateChannels": true,
    },
    {
      "channelName": "pr-test-proj-test-repository-1",
      "findPrivateChannels": true,
    },
    {
      "channelName": "pr-test-proj-test-repository-1",
      "findPrivateChannels": true,
    },
  ],
  "searchedCommentSnapshots": [],
  "searchedPrOpenedBroadcastMessages": [],
  "sentMessages": [
    {
      "blocks": [
        {
          "text": {
            "text": "Test Author opened <https://git.test.com/projects/TEST-PROJ/repos/test-repository/pull-requests/1/overview|pull request>",
            "type": "mrkdwn",
          },
          "type": "section",
        },
        {
          "type": "divider",
        },
        {
          "elements": [
            {
              "text": "Test pull request description",
              "type": "mrkdwn",
            },
          ],
          "type": "context",
        },
        {
          "type": "divider",
        },
        {
          "text": {
            "text": "Please <https://git.test.com/projects/TEST-PROJ/repos/test-repository/pull-requests/1/overview|review the PR>",
            "type": "mrkdwn",
          },
          "type": "section",
        },
      ],
      "channelId": "12345",
      "iconEmoji": ":bitbucket:",
      "text": "Test Author opened <https://git.test.com/projects/TEST-PROJ/repos/test-repository/pull-requests/1/overview|pull request>",
    },
    {
      "blocks": [
        {
          "text": {
            "text": ":traffic_light: Test Reviewer 1 requested changes for the <https://git.test.com/projects/TEST-PROJ/repos/test-repository/pull-requests/1/overview|pull request>.",
            "type": "mrkdwn",
          },
          "type": "section",
        },
        {
          "type": "divider",
        },
        {
          "elements": [
            {
              "text": ":large_yellow_circle:  Approved: 0 |  Requested changes: Test Reviewer 1 |  Not reviewed: Test Reviewer 2",
              "type": "mrkdwn",
            },
          ],
          "type": "context",
        },
      ],
      "channelId": "12345",
      "iconEmoji": ":bitbucket:",
      "text": ":traffic_light: Test Reviewer 1 requested changes for the <https://git.test.com/projects/TEST-PROJ/repos/test-repository/pull-requests/1/overview|pull request>.",
    },
    {
      "blocks": [
        {
          "text": {
            "text": ":traffic_light: Test Reviewer 1 unapproved <https://git.test.com/projects/TEST-PROJ/repos/test-repository/pull-requests/1/overview|pull request>.",
            "type": "mrkdwn",
          },
          "type": "section",
        },
        {
          "type": "divider",
        },
        {
          "elements": [
            {
              "text": ":large_yellow_circle:  Approved: 0 |  Not reviewed: Test Reviewer 1,Test Reviewer 2",
              "type": "mrkdwn",
            },
          ],
          "type": "context",
        },
      ],
      "channelId": "12345",
      "iconEmoji": ":bitbucket:",
      "text": ":traffic_light: Test Reviewer 1 unapproved <https://git.test.com/projects/TEST-PROJ/repos/test-repository/pull-requests/1/overview|pull request>.",
    },
    {
      "blocks": [
        {
          "text": {
            "text": ":traffic_light: Test Reviewer 1 approved <https://git.test.com/projects/TEST-PROJ/repos/test-repository/pull-requests/1/overview|pull request>.",
            "type": "mrkdwn",
          },
          "type": "section",
        },
        {
          "type": "divider",
        },
        {
          "elements": [
            {
              "text": ":large_yellow_circle:  Approved: Test Reviewer 1 |  Not reviewed: Test Reviewer 2",
              "type": "mrkdwn",
            },
          ],
          "type": "context",
        },
      ],
      "channelId": "12345",
      "iconEmoji": ":bitbucket:",
      "text": ":traffic_light: Test Reviewer 1 approved <https://git.test.com/projects/TEST-PROJ/repos/test-repository/pull-requests/1/overview|pull request>.",
    },
  ],
}
`;
