// Jest Snapshot v1, https://goo.gl/fbAQLP

exports[`createChannelAndInviteParticipants Should create channel, set topic and invite author and reviewers 1`] = `
{
  "archivedChannels": [],
  "createdChannels": [
    {
      "is_private": false,
      "name": "pr-test-proj-test-repository-1",
    },
  ],
  "invitesToChannels": [
    {
      "channel": "12345",
      "force": true,
      "users": "test.author@test.com,test.reviewer1@test.com",
    },
  ],
  "lookedUpUsers": [
    {
      "email": "test.author@test.com",
    },
    {
      "email": "test.reviewer1@test.com",
    },
  ],
  "sentMessages": [
    {
      "channel": "12345",
      "text": "The pull request was opened by test.author. Please <https://git.test.com/projects/TEST-PROJ/repos/test-repository/pull-requests/1/overview|review the PR>",
    },
  ],
  "setChannelTopics": [
    {
      "channel": "12345",
      "topic": ":git: Pull request: *Quite a long and comprehensive description to get channel title longer than 250 symbols which is a maximum length for the Slack* | :git-branch: To branch: *TEST-PROJ/test-repository:master*",
    },
  ],
}
`;
