// Jest Snapshot v1, https://goo.gl/fbAQLP

exports[`handleBitbucketWebhook Should send completion message and close the channel on PR merge 1`] = `
{
  "addedBookmarks": [],
  "addedReactions": [],
  "closeChannelCalls": [
    "12345",
  ],
  "invitesToChannels": [],
  "kicksFromChannels": [],
  "searchedCommentSnapshots": [],
  "searchedPrOpenedBroadcastMessages": [],
  "sentMessages": [
    {
      "text": ":white_check_mark: Pull request was merged by Test Author. Well done, thank you all.",
    },
  ],
}
`;

exports[`handleBitbucketWebhook Should send notification to the broadcast channel, if it is specified 1`] = `
{
  "addedBookmarks": [
    {
      "emoji": ":git:",
      "link": "https://git.test.com/projects/TEST-PROJ/repos/test-repository/pull-requests/1/overview",
      "title": "Review Pull Request",
    },
  ],
  "addedReactions": [
    {
      "channelId": "12345",
      "messageId": "ABCDE",
      "reaction": "white_check_mark",
    },
  ],
  "closeChannelCalls": [
    "12345",
  ],
  "invitesToChannels": [
    {
      "force": true,
      "users": [
        "000000",
        "111111",
        "222222",
      ],
    },
  ],
  "kicksFromChannels": [],
  "searchedCommentSnapshots": [],
  "searchedPrOpenedBroadcastMessages": [
    {
      "channelId": "12345",
      "prCreationDate": 2024-04-29T08:59:44.802Z,
      "pullRequestTraits": {
        "projectKey": "TEST-PROJ",
        "pullRequestId": "1",
        "repositorySlug": "test-repository",
      },
    },
  ],
  "sentMessages": [
    {
      "blocks": [
        {
          "text": {
            "text": "Test Author opened <https://git.test.com/projects/TEST-PROJ/repos/test-repository/pull-requests/1/overview|pull request>",
            "type": "mrkdwn",
          },
          "type": "section",
        },
        {
          "type": "divider",
        },
        {
          "elements": [
            {
              "text": "Test pull request description",
              "type": "mrkdwn",
            },
          ],
          "type": "context",
        },
        {
          "type": "divider",
        },
        {
          "text": {
            "text": "Please <https://git.test.com/projects/TEST-PROJ/repos/test-repository/pull-requests/1/overview|review the PR>",
            "type": "mrkdwn",
          },
          "type": "section",
        },
      ],
      "text": "Test Author opened <https://git.test.com/projects/TEST-PROJ/repos/test-repository/pull-requests/1/overview|pull request>",
    },
    {
      "blocks": [
        {
          "text": {
            "text": ":snowboarder: Test Author opened pull request "Test pull request title".",
            "type": "mrkdwn",
          },
          "type": "section",
        },
        {
          "elements": [
            {
              "text": "Target: \`test-repository/master\`",
              "type": "mrkdwn",
            },
          ],
          "type": "context",
        },
        {
          "elements": [
            {
              "text": "Assigned reviewers: Test Reviewer 1,Test Reviewer 2.",
              "type": "mrkdwn",
            },
          ],
          "type": "context",
        },
        {
          "text": {
            "text": "You're welcome to <https://git.test.com/projects/TEST-PROJ/repos/test-repository/pull-requests/1/overview|join code review>.",
            "type": "mrkdwn",
          },
          "type": "section",
        },
      ],
      "metadata": {
        "eventPayload": {
          "projectKey": "TEST-PROJ",
          "pullRequestId": "1",
          "repositorySlug": "test-repository",
        },
        "eventType": "pull_request_opened",
      },
      "text": ":snowboarder: Test Author opened pull request "Test pull request title".",
    },
    {
      "text": ":white_check_mark: Pull request was merged by Test Author. Well done, thank you all.",
    },
    {
      "text": ":white_check_mark: Pull request was merged by Test Author. Well done, thank you all.",
      "threadId": "ABCDE",
    },
  ],
}
`;
