// Jest Snapshot v1, https://goo.gl/fbAQLP

exports[`handleBitbucketWebhook Should update channel participants on reviewers list update 1`] = `
{
  "addedBookmarks": [],
  "addedReactions": [],
  "closeChannelCalls": [],
  "invitesToChannels": [
    {
      "force": true,
      "users": [
        "333333",
      ],
    },
  ],
  "kicksFromChannels": [
    {
      "users": [
        "111111",
      ],
    },
  ],
  "searchedCommentSnapshots": [],
  "searchedPrOpenedBroadcastMessages": [],
  "sentMessages": [],
}
`;
